2026-07-29 15:14:45 pods=1 hpa=insuretech-app-hpa-memory   Deployment/insuretech-app   memory: <unknown>/80%   1     10    1     11s
2026-07-29 15:14:49 pods=1 hpa=insuretech-app-hpa-memory   Deployment/insuretech-app   memory: <unknown>/80%   1     10    1     15s
2026-07-29 15:14:50 pods=1 hpa=insuretech-app-hpa-memory   Deployment/insuretech-app   memory: <unknown>/80%   1     10    1     16s
2026-07-29 15:14:54 pods=1 hpa=insuretech-app-hpa-memory   Deployment/insuretech-app   memory: 81%/80%   1     10    1     20s
2026-07-29 15:14:55 pods=1 hpa=insuretech-app-hpa-memory   Deployment/insuretech-app   memory: 81%/80%   1     10    1     21s
2026-07-29 15:14:59 pods=1 hpa=insuretech-app-hpa-memory   Deployment/insuretech-app   memory: 81%/80%   1     10    1     25s
2026-07-29 15:15:00 pods=1 hpa=insuretech-app-hpa-memory   Deployment/insuretech-app   memory: 81%/80%   1     10    1     27s
2026-07-29 15:15:05 pods=1 hpa=insuretech-app-hpa-memory   Deployment/insuretech-app   memory: 81%/80%   1     10    1     31s
2026-07-29 15:15:06 pods=1 hpa=insuretech-app-hpa-memory   Deployment/insuretech-app   memory: 81%/80%   1     10    1     32s
2026-07-29 15:15:10 pods=1 hpa=insuretech-app-hpa-memory   Deployment/insuretech-app   memory: 81%/80%   1     10    1     36s
2026-07-29 15:15:11 pods=1 hpa=insuretech-app-hpa-memory   Deployment/insuretech-app   memory: 81%/80%   1     10    1     37s
2026-07-29 15:15:15 pods=1 hpa=insuretech-app-hpa-memory   Deployment/insuretech-app   memory: 81%/80%   1     10    1     41s
2026-07-29 15:15:16 pods=1 hpa=insuretech-app-hpa-memory   Deployment/insuretech-app   memory: 81%/80%   1     10    1     42s
2026-07-29 15:15:20 pods=1 hpa=insuretech-app-hpa-memory   Deployment/insuretech-app   memory: 81%/80%   1     10    1     46s
2026-07-29 15:15:21 pods=1 hpa=insuretech-app-hpa-memory   Deployment/insuretech-app   memory: 81%/80%   1     10    1     47s
2026-07-29 15:15:25 pods=1 hpa=insuretech-app-hpa-memory   Deployment/insuretech-app   memory: 81%/80%   1     10    1     51s
2026-07-29 15:15:26 pods=1 hpa=insuretech-app-hpa-memory   Deployment/insuretech-app   memory: 81%/80%   1     10    1     52s
2026-07-29 15:15:30 pods=1 hpa=insuretech-app-hpa-memory   Deployment/insuretech-app   memory: 81%/80%   1     10    1     56s
2026-07-29 15:15:31 pods=1 hpa=insuretech-app-hpa-memory   Deployment/insuretech-app   memory: 81%/80%   1     10    1     57s
2026-07-29 15:15:35 pods=1 hpa=insuretech-app-hpa-memory   Deployment/insuretech-app   memory: 81%/80%   1     10    1     61s
2026-07-29 15:15:36 pods=1 hpa=insuretech-app-hpa-memory   Deployment/insuretech-app   memory: 81%/80%   1     10    1     62s
2026-07-29 15:15:40 pods=1 hpa=insuretech-app-hpa-memory   Deployment/insuretech-app   memory: 81%/80%   1     10    1     67s
2026-07-29 15:15:41 pods=1 hpa=insuretech-app-hpa-memory   Deployment/insuretech-app   memory: 81%/80%   1     10    1     68s
2026-07-29 15:15:46 pods=1 hpa=insuretech-app-hpa-memory   Deployment/insuretech-app   memory: 81%/80%   1     10    1     72s
2026-07-29 15:15:47 pods=1 hpa=insuretech-app-hpa-memory   Deployment/insuretech-app   memory: 81%/80%   1     10    1     73s
2026-07-29 15:15:51 pods=1 hpa=insuretech-app-hpa-memory   Deployment/insuretech-app   memory: 81%/80%   1     10    1     77s
2026-07-29 15:15:52 pods=1 hpa=insuretech-app-hpa-memory   Deployment/insuretech-app   memory: 81%/80%   1     10    1     78s
2026-07-29 15:15:56 pods=1 hpa=insuretech-app-hpa-memory   Deployment/insuretech-app   memory: 81%/80%   1     10    1     82s
2026-07-29 15:15:57 pods=1 hpa=insuretech-app-hpa-memory   Deployment/insuretech-app   memory: 81%/80%   1     10    1     83s
2026-07-29 15:16:01 pods=1 hpa=insuretech-app-hpa-memory   Deployment/insuretech-app   memory: 81%/80%   1     10    1     87s
2026-07-29 15:16:02 pods=1 hpa=insuretech-app-hpa-memory   Deployment/insuretech-app   memory: 81%/80%   1     10    1     88s
2026-07-29 15:16:06 pods=1 hpa=insuretech-app-hpa-memory   Deployment/insuretech-app   memory: 81%/80%   1     10    1     92s
2026-07-29 15:16:07 pods=1 hpa=insuretech-app-hpa-memory   Deployment/insuretech-app   memory: 81%/80%   1     10    1     93s
2026-07-29 15:16:11 pods=1 hpa=insuretech-app-hpa-memory   Deployment/insuretech-app   memory: 81%/80%   1     10    1     97s
2026-07-29 15:16:12 pods=1 hpa=insuretech-app-hpa-memory   Deployment/insuretech-app   memory: 81%/80%   1     10    1     98s
2026-07-29 15:16:16 pods=1 hpa=insuretech-app-hpa-memory   Deployment/insuretech-app   memory: 81%/80%   1     10    1     102s
2026-07-29 15:16:17 pods=1 hpa=insuretech-app-hpa-memory   Deployment/insuretech-app   memory: 81%/80%   1     10    1     103s
2026-07-29 15:16:22 pods=1 hpa=insuretech-app-hpa-memory   Deployment/insuretech-app   memory: 81%/80%   1     10    1     109s
2026-07-29 15:16:28 pods=1 hpa=insuretech-app-hpa-memory   Deployment/insuretech-app   memory: 81%/80%   1     10    1     114s
2026-07-29 15:16:33 pods=1 hpa=insuretech-app-hpa-memory   Deployment/insuretech-app   memory: 81%/80%   1     10    1     119s
2026-07-29 15:16:38 pods=1 hpa=insuretech-app-hpa-memory   Deployment/insuretech-app   memory: 81%/80%   1     10    1     2m4s
2026-07-29 15:16:43 pods=1 hpa=insuretech-app-hpa-memory   Deployment/insuretech-app   memory: 81%/80%   1     10    1     2m9s
2026-07-29 15:16:48 pods=1 hpa=insuretech-app-hpa-memory   Deployment/insuretech-app   memory: 81%/80%   1     10    1     2m14s
2026-07-29 15:16:53 pods=1 hpa=insuretech-app-hpa-memory   Deployment/insuretech-app   memory: 47%/80%   1     10    1     2m19s
2026-07-29 15:16:58 pods=1 hpa=insuretech-app-hpa-memory   Deployment/insuretech-app   memory: 47%/80%   1     10    1     2m24s
2026-07-29 15:17:03 pods=1 hpa=insuretech-app-hpa-memory   Deployment/insuretech-app   memory: 47%/80%   1     10    1     2m30s
2026-07-29 15:17:09 pods=2 hpa=insuretech-app-hpa-memory   Deployment/insuretech-app   memory: 47%/80%   1     10    1     2m35s
2026-07-29 15:17:14 pods=2 hpa=insuretech-app-hpa-memory   Deployment/insuretech-app   memory: 47%/80%   1     10    1     2m40s
2026-07-29 15:17:19 pods=2 hpa=insuretech-app-hpa-memory   Deployment/insuretech-app   memory: 47%/80%   1     10    1     2m45s
2026-07-29 15:17:24 pods=2 hpa=insuretech-app-hpa-memory   Deployment/insuretech-app   memory: <unknown>/80%   1     10    1     2m50s
2026-07-29 15:17:29 pods=2 hpa=insuretech-app-hpa-memory   Deployment/insuretech-app   memory: <unknown>/80%   1     10    1     2m55s
2026-07-29 15:17:34 pods=2 hpa=insuretech-app-hpa-memory   Deployment/insuretech-app   memory: <unknown>/80%   1     10    1     3m
2026-07-29 15:17:39 pods=2 hpa=insuretech-app-hpa-memory   Deployment/insuretech-app   memory: <unknown>/80%   1     10    1     3m5s
2026-07-29 15:17:44 pods=1 hpa=insuretech-app-hpa-memory   Deployment/insuretech-app   memory: <unknown>/80%   1     10    1     3m11s
2026-07-29 15:17:50 pods=1 hpa=insuretech-app-hpa-memory   Deployment/insuretech-app   memory: <unknown>/80%   1     10    1     3m16s
2026-07-29 15:17:55 pods=2 hpa=insuretech-app-hpa-memory   Deployment/insuretech-app   memory: 89%/80%   1     10    1     3m21s
2026-07-29 15:18:00 pods=2 hpa=insuretech-app-hpa-memory   Deployment/insuretech-app   memory: 89%/80%   1     10    1     3m26s
2026-07-29 15:18:05 pods=2 hpa=insuretech-app-hpa-memory   Deployment/insuretech-app   memory: 89%/80%   1     10    1     3m31s
2026-07-29 15:18:10 pods=2 hpa=insuretech-app-hpa-memory   Deployment/insuretech-app   memory: 89%/80%   1     10    2     3m36s
2026-07-29 15:18:15 pods=2 hpa=insuretech-app-hpa-memory   Deployment/insuretech-app   memory: 89%/80%   1     10    2     3m41s
2026-07-29 15:18:20 pods=2 hpa=insuretech-app-hpa-memory   Deployment/insuretech-app   memory: 89%/80%   1     10    2     3m46s
2026-07-29 15:18:25 pods=2 hpa=insuretech-app-hpa-memory   Deployment/insuretech-app   memory: 89%/80%   1     10    2     3m52s
2026-07-29 15:18:31 pods=2 hpa=insuretech-app-hpa-memory   Deployment/insuretech-app   memory: 89%/80%   1     10    2     3m57s
2026-07-29 15:18:36 pods=2 hpa=insuretech-app-hpa-memory   Deployment/insuretech-app   memory: 89%/80%   1     10    2     4m2s
2026-07-29 15:18:41 pods=2 hpa=insuretech-app-hpa-memory   Deployment/insuretech-app   memory: 89%/80%   1     10    2     4m7s
2026-07-29 15:18:46 pods=2 hpa=insuretech-app-hpa-memory   Deployment/insuretech-app   memory: 89%/80%   1     10    2     4m12s
2026-07-29 15:18:51 pods=2 hpa=insuretech-app-hpa-memory   Deployment/insuretech-app   memory: 89%/80%   1     10    2     4m17s
2026-07-29 15:18:56 pods=2 hpa=insuretech-app-hpa-memory   Deployment/insuretech-app   memory: 46%/80%   1     10    2     4m22s
2026-07-29 15:19:01 pods=2 hpa=insuretech-app-hpa-memory   Deployment/insuretech-app   memory: 46%/80%   1     10    2     4m27s
2026-07-29 15:19:06 pods=2 hpa=insuretech-app-hpa-memory   Deployment/insuretech-app   memory: 46%/80%   1     10    2     4m33s
2026-07-29 15:19:12 pods=2 hpa=insuretech-app-hpa-memory   Deployment/insuretech-app   memory: 46%/80%   1     10    2     4m38s
2026-07-29 15:19:17 pods=2 hpa=insuretech-app-hpa-memory   Deployment/insuretech-app   memory: 46%/80%   1     10    2     4m43s
2026-07-29 15:19:22 pods=2 hpa=insuretech-app-hpa-memory   Deployment/insuretech-app   memory: 46%/80%   1     10    2     4m48s
2026-07-29 15:19:27 pods=2 hpa=insuretech-app-hpa-memory   Deployment/insuretech-app   memory: 46%/80%   1     10    2     4m53s
2026-07-29 15:19:32 pods=2 hpa=insuretech-app-hpa-memory   Deployment/insuretech-app   memory: 46%/80%   1     10    2     4m58s
2026-07-29 15:19:37 pods=2 hpa=insuretech-app-hpa-memory   Deployment/insuretech-app   memory: 46%/80%   1     10    2     5m3s
2026-07-29 15:19:42 pods=2 hpa=insuretech-app-hpa-memory   Deployment/insuretech-app   memory: 46%/80%   1     10    2     5m8s
2026-07-29 15:19:47 pods=2 hpa=insuretech-app-hpa-memory   Deployment/insuretech-app   memory: 46%/80%   1     10    2     5m13s
